// Jest Snapshot v1, https://goo.gl/fbAQLP

exports[`check render correctly <Home /> component - page 1`] = `
Array [
  .c1 {
  display: -webkit-box;
  display: -webkit-flex;
  display: -ms-flexbox;
  display: flex;
  -webkit-flex-direction: row;
  -ms-flex-direction: row;
  flex-direction: row;
  -webkit-box-pack: justify;
  -webkit-justify-content: space-between;
  -ms-flex-pack: justify;
  justify-content: space-between;
  -webkit-align-items: center;
  -webkit-box-align: center;
  -ms-flex-align: center;
  align-items: center;
  position: relative;
  width: 17.3rem;
  height: 4.7rem;
  cursor: pointer;
}

.c3 {
  font-size: 4rem;
  font-style: normal;
  font-weight: normal;
  text-align: center;
  width: 10.2rem;
  line-height: 117%;
  color: #131E07;
}

.c2 {
  position: absolute;
  top: 0.7rem;
  right: 0.3rem;
}

.c8 {
  position: relative;
  display: -webkit-box;
  display: -webkit-flex;
  display: -ms-flexbox;
  display: flex;
  -webkit-flex-direction: row;
  -ms-flex-direction: row;
  flex-direction: row;
  -webkit-box-pack: center;
  -webkit-justify-content: center;
  -ms-flex-pack: center;
  justify-content: center;
  -webkit-align-items: center;
  -webkit-box-align: center;
  -ms-flex-align: center;
  align-items: center;
  padding: 0.7rem 3.1rem;
  font-family: 'Reem Kufi',sans-serif;
  font-size: 2.4rem;
  font-style: normal;
  font-weight: normal;
  line-height: 3.6rem;
  color: #131E07;
  border: none;
  border-radius: 8px;
  background-color: #FABD20;
  cursor: pointer;
  -webkit-transition: all 0.25s ease-in-out;
  transition: all 0.25s ease-in-out;
  overflow: hidden;
  will-change: transform;
}

.c8::after {
  content: "";
  position: absolute;
  z-index: -1;
  bottom: -100%;
  left: 0;
  height: 100%;
  width: 100%;
  border-radius: 8px;
  background-color: black;
  color: #FABD20;
  -webkit-transition: all 0.15s cubic-bezier(0.455,0.03,0.515,0.955);
  transition: all 0.15s cubic-bezier(0.455,0.03,0.515,0.955);
}

.c8:hover {
  box-shadow: 0px 1rem 2rem rgba(0,0,0,0.25);
  color: #FABD20;
}

.c8:hover::after {
  -webkit-transform: translateY(-100%);
  -ms-transform: translateY(-100%);
  transform: translateY(-100%);
}

.c5 {
  margin: 0.7rem 0;
}

.c6 {
  position: relative;
  font-family: 'Reem Kufi',sans-serif;
  font-style: normal;
  font-weight: normal;
  font-size: 2.4rem;
  line-height: 3.6rem;
  -webkit-text-decoration: none;
  text-decoration: none;
  color: #131E07;
}

.c6:focus > svg {
  display: block;
}

.c7 {
  display: none;
  position: absolute;
  bottom: -0.8rem;
  left: 50%;
  -webkit-transform: translateX(-50%);
  -ms-transform: translateX(-50%);
  transform: translateX(-50%);
}

.c4 {
  display: -webkit-box;
  display: -webkit-flex;
  display: -ms-flexbox;
  display: flex;
  -webkit-flex-direction: row;
  -ms-flex-direction: row;
  flex-direction: row;
  -webkit-box-pack: justify;
  -webkit-justify-content: space-between;
  -ms-flex-pack: justify;
  justify-content: space-between;
  -webkit-align-items: center;
  -webkit-box-align: center;
  -ms-flex-align: center;
  align-items: center;
  width: 64.4rem;
}

.c0 {
  position: fixed;
  top: 0;
  left: 50%;
  z-index: 9999;
  max-width: 145rem;
  width: 100%;
  display: -webkit-box;
  display: -webkit-flex;
  display: -ms-flexbox;
  display: flex;
  -webkit-flex-direction: row;
  -ms-flex-direction: row;
  flex-direction: row;
  -webkit-box-pack: justify;
  -webkit-justify-content: space-between;
  -ms-flex-pack: justify;
  justify-content: space-between;
  -webkit-align-items: center;
  -webkit-box-align: center;
  -ms-flex-align: center;
  align-items: center;
  margin: 0 auto;
  padding: 2.7rem 16.7rem;
  -webkit-transform: translateX(-50%);
  -ms-transform: translateX(-50%);
  transform: translateX(-50%);
  background-color: #FEF4E6;
}

.c9 {
  display: none;
  width: 3rem;
  height: 1.7rem;
  cursor: pointer;
  fill: #131E07;
}

@media (max-width:1440px) {

}

@media (max-width:1200px) {

}

@media (max-width:375px) {

}

@media (max-width:375px) {

}

@media (max-width:375px) {

}

@media (max-width:375px) {

}

@media (max-width:375px) {

}

@media (max-width:375px) {

}

@media (max-width:1200px) {

}

@media (max-width:375px) {

}

@media (max-width:375px) {

}

@media (max-width:375px) {

}

@media (max-width:375px) {

}

@media (max-width:375px) {

}

@media (max-width:375px) {

}

@media (max-width:375px) {

}

@media (max-width:375px) {

}

@media (max-width:375px) {

}

@media (max-width:375px) {

}

@media (max-width:375px) {

}

@media (max-width:375px) {

}

@media (max-width:375px) {

}

@media (max-width:375px) {

}

@media (max-width:375px) {

}

@media (max-width:375px) {

}

@media (max-width:375px) {

}

@media (max-width:375px) {

}

@media (max-width:375px) {

}

@media (max-width:375px) {

}

@media (max-width:375px) {

}

@media (max-width:375px) {

}

@media (max-width:375px) {

}

@media (max-width:375px) {

}

@media (max-width:375px) {

}

@media (max-width:375px) {

}

@media (max-width:375px) {
  .c4 {
    display: none;
  }
}

@media (max-width:375px) {
  .c0 {
    position: relative;
    padding: 2.7rem 2.4rem;
  }
}

@media (max-width:375px) {
  .c9 {
    display: block;
    position: absolute;
    top: 50%;
    right: 2.4rem;
    -webkit-transform: translateY(-50%);
    -ms-transform: translateY(-50%);
    transform: translateY(-50%);
    fill: #131E07;
  }
}

<header
    className="c0"
  >
    <div
      className="c1"
    >
      <svg
        className="c2"
      >
        ellipse-1.svg
      </svg>
      <svg>
        ellipse-2.svg
      </svg>
      <p
        className="c3"
      >
        Medli
      </p>
    </div>
    <div
      className="c4"
    >
      <div
        className="c5"
      >
        <a
          className="c6"
          href="#"
        >
          Home
          <svg
            className="c7"
          >
            ellipse-4.svg
          </svg>
        </a>
      </div>
      <div
        className="c5"
      >
        <a
          className="c6"
          href="#"
        >
          About
          <svg
            className="c7"
          >
            ellipse-4.svg
          </svg>
        </a>
      </div>
      <div
        className="c5"
      >
        <a
          className="c6"
          href="#"
        >
          Courses
          <svg
            className="c7"
          >
            ellipse-4.svg
          </svg>
        </a>
      </div>
      <div
        className="c5"
      >
        <a
          className="c6"
          href="#"
        >
          News
          <svg
            className="c7"
          >
            ellipse-4.svg
          </svg>
        </a>
      </div>
      <div
        className="c5"
      >
        <a
          className="c6"
          href="#"
        >
          Contact
          <svg
            className="c7"
          >
            ellipse-4.svg
          </svg>
        </a>
      </div>
      <button
        className="c8"
        fontSize="2.4rem"
      >
        Log in
      </button>
    </div>
    <svg
      className="c9"
      onClick={[Function]}
    >
      menu-bar.svg
    </svg>
  </header>,
  .c5 {
  position: relative;
  display: -webkit-box;
  display: -webkit-flex;
  display: -ms-flexbox;
  display: flex;
  -webkit-flex-direction: row;
  -ms-flex-direction: row;
  flex-direction: row;
  -webkit-box-pack: center;
  -webkit-justify-content: center;
  -ms-flex-pack: center;
  justify-content: center;
  -webkit-align-items: center;
  -webkit-box-align: center;
  -ms-flex-align: center;
  align-items: center;
  padding: 0.7rem 3.1rem;
  font-family: 'Reem Kufi',sans-serif;
  font-size: 2.5rem;
  font-style: normal;
  font-weight: normal;
  line-height: 3.7rem;
  color: #131E07;
  border: none;
  border-radius: 8px;
  background-color: #FABD20;
  cursor: pointer;
  -webkit-transition: all 0.25s ease-in-out;
  transition: all 0.25s ease-in-out;
  overflow: hidden;
  will-change: transform;
}

.c5::after {
  content: "";
  position: absolute;
  z-index: -1;
  bottom: -100%;
  left: 0;
  height: 100%;
  width: 100%;
  border-radius: 8px;
  background-color: black;
  color: #FABD20;
  -webkit-transition: all 0.15s cubic-bezier(0.455,0.03,0.515,0.955);
  transition: all 0.15s cubic-bezier(0.455,0.03,0.515,0.955);
}

.c5:hover {
  box-shadow: 0px 1rem 2rem rgba(0,0,0,0.25);
  color: #FABD20;
}

.c5:hover::after {
  -webkit-transform: translateY(-100%);
  -ms-transform: translateY(-100%);
  transform: translateY(-100%);
}

.c0 {
  display: -webkit-box;
  display: -webkit-flex;
  display: -ms-flexbox;
  display: flex;
  -webkit-flex-direction: row;
  -ms-flex-direction: row;
  flex-direction: row;
  -webkit-box-pack: justify;
  -webkit-justify-content: space-between;
  -ms-flex-pack: justify;
  justify-content: space-between;
  margin-top: 27.1rem;
  position: relative;
  width: 100%;
  padding: 0 16.7rem;
}

.c2 {
  font-size: 8rem;
  margin-left: 0.2rem;
  line-height: 117%;
  font-style: normal;
  font-weight: normal;
  width: 43rem;
}

.c4 {
  font-size: 2.4rem;
  line-height: 3.6rem;
  font-style: normal;
  font-weight: normal;
  font-family: 'Reem Kufi',sans-serif;
  color: #40462F;
  margin-bottom: 3.6rem;
  margin-top: 1.6rem;
  margin-left: 0.2rem;
  width: 42rem;
}

.c6 {
  padding: 1.6rem 1rem;
  width: 25.5rem;
  margin-bottom: 1.6rem;
}

.c7 {
  width: 100%;
  height: 100%;
  -webkit-align-self: flex-end;
  -ms-flex-item-align: end;
  align-self: flex-end;
  margin-top: 4.9rem;
}

.c8 {
  -webkit-align-self: flex-end;
  -ms-flex-item-align: end;
  align-self: flex-end;
  width: 67.7rem;
}

.c1 {
  display: -webkit-box;
  display: -webkit-flex;
  display: -ms-flexbox;
  display: flex;
  -webkit-flex-direction: column;
  -ms-flex-direction: column;
  flex-direction: column;
  -webkit-box-pack: start;
  -webkit-justify-content: flex-start;
  -ms-flex-pack: start;
  justify-content: flex-start;
}

@media (max-width:1440px) {
  .c0 {
    -webkit-flex-direction: row;
    -ms-flex-direction: row;
    flex-direction: row;
  }
}

@media (max-width:1200px) {
  .c0 {
    -webkit-flex-direction: column-reverse;
    -ms-flex-direction: column-reverse;
    flex-direction: column-reverse;
  }
}

@media (max-width:375px) {
  .c0 {
    -webkit-flex-direction: column-reverse;
    -ms-flex-direction: column-reverse;
    flex-direction: column-reverse;
    margin-top: 4.8rem;
    padding: 0 2.4rem;
  }
}

@media (max-width:375px) {
  .c2 {
    font-size: 5rem;
    width: 100%;
  }
}

@media (max-width:375px) {
  .c4 {
    text-align: left;
    font-size: 2rem;
    line-height: 3rem;
    width: 100%;
  }
}

@media (max-width:375px) {
  .c6 {
    width: 100%;
  }
}

@media (max-width:375px) {
  .c7 {
    width: auto;
    margin-top: 4.8rem;
  }
}

@media (max-width:375px) {
  .c8 {
    width: auto;
  }
}

@media (max-width:1200px) {
  .c1 {
    -webkit-flex-direction: column;
    -ms-flex-direction: column;
    flex-direction: column;
    margin-top: 4.2rem;
  }
}

@media (max-width:375px) {
  .c1 {
    margin-top: 4.2rem;
    -webkit-flex-direction: column;
    -ms-flex-direction: column;
    flex-direction: column;
  }
}

@media (max-width:375px) {
  .c3 {
    width: 2.7rem;
    height: 2rem;
  }
}

@media (max-width:375px) {

}

@media (max-width:375px) {

}

@media (max-width:375px) {

}

@media (max-width:375px) {

}

@media (max-width:375px) {

}

@media (max-width:375px) {

}

@media (max-width:375px) {

}

@media (max-width:375px) {

}

@media (max-width:375px) {

}

@media (max-width:375px) {

}

@media (max-width:375px) {

}

@media (max-width:375px) {

}

@media (max-width:375px) {

}

@media (max-width:375px) {

}

@media (max-width:375px) {

}

@media (max-width:375px) {

}

@media (max-width:375px) {

}

@media (max-width:375px) {

}

@media (max-width:375px) {

}

@media (max-width:375px) {

}

@media (max-width:375px) {

}

@media (max-width:375px) {

}

@media (max-width:375px) {

}

@media (max-width:375px) {

}

@media (max-width:375px) {

}

@media (max-width:375px) {

}

@media (max-width:375px) {

}

<div
    className="c0"
  >
    <div
      className="c1"
    >
      <h1
        className="c2"
      >
        Check y
        <svg
          className="c3"
        >
          ellipse-3.svg
        </svg>
        ur well-being
      </h1>
      <p
        className="c4"
      >
        We’re sure that deciding to check on your health is a big step, even if it doesn’t bother in any way.
      </p>
      <button
        className="c5 c6"
        fontSize="2.5rem"
      >
        Get started
      </button>
    </div>
    <div
      className="c7"
    >
      <svg
        className="c8"
      >
        hero-img.svg
      </svg>
    </div>
  </div>,
  .c2 {
  display: block;
  font-family: 'Rozha One',serif;
  font-style: normal;
  font-weight: normal;
  font-size: 8rem;
  line-height: 117%;
  margin-bottom: 1.6rem;
  text-align: center;
  font-feature-settings: "haln" on;
  color: #FABD20;
}

.c3 {
  display: block;
  font-family: 'Reem Kufi',sans-serif;
  font-style: normal;
  font-weight: normal;
  font-size: 2.4rem;
  line-height: 3.6rem;
  margin: 0 4rem;
  text-align: center;
  color: #131E07;
}

.c0 {
  display: grid;
  grid-template-columns: 1fr 1fr 1fr;
  grid-gap: 11.1rem;
  margin: 22rem 21.9rem;
  will-change: transform;
}

@media (max-width:1440px) {

}

@media (max-width:1200px) {

}

@media (max-width:375px) {

}

@media (max-width:375px) {

}

@media (max-width:375px) {

}

@media (max-width:375px) {

}

@media (max-width:375px) {

}

@media (max-width:375px) {

}

@media (max-width:1200px) {

}

@media (max-width:375px) {

}

@media (max-width:375px) {

}

@media (max-width:375px) {
  .c1 {
    margin-bottom: 10rem;
  }
}

@media (max-width:375px) {
  .c2 {
    margin-bottom: 0.6rem;
  }
}

@media (max-width:375px) {
  .c0 {
    display: block;
    margin: 6.4rem 0;
    padding: 0 2.4rem;
  }
}

@media (max-width:375px) {

}

@media (max-width:375px) {

}

@media (max-width:375px) {

}

@media (max-width:375px) {

}

@media (max-width:375px) {

}

@media (max-width:375px) {

}

@media (max-width:375px) {

}

@media (max-width:375px) {

}

@media (max-width:375px) {

}

@media (max-width:375px) {

}

@media (max-width:375px) {

}

@media (max-width:375px) {

}

@media (max-width:375px) {

}

@media (max-width:375px) {

}

@media (max-width:375px) {

}

@media (max-width:375px) {

}

@media (max-width:375px) {

}

@media (max-width:375px) {

}

@media (max-width:375px) {

}

@media (max-width:375px) {

}

@media (max-width:375px) {

}

@media (max-width:375px) {

}

@media (max-width:375px) {

}

@media (max-width:375px) {

}

<div
    className="c0"
  >
    <div
      className="c1"
    >
      <h1
        className="c2"
      >
        230+
      </h1>
      <p
        className="c3"
      >
        Scientifically based tests
      </p>
    </div>
    <div
      className="c1"
    >
      <h1
        className="c2"
      >
        10,000+
      </h1>
      <p
        className="c3"
      >
        Medical recommendations
      </p>
    </div>
    <div
      className="c1"
    >
      <h1
        className="c2"
      >
        25M+
      </h1>
      <p
        className="c3"
      >
        Students learning
      </p>
    </div>
  </div>,
  .c5 {
  position: absolute;
  top: 50%;
  left: 50%;
  width: 13rem;
  height: 13rem;
  -webkit-transform: translate(-50%,-50%);
  -ms-transform: translate(-50%,-50%);
  transform: translate(-50%,-50%);
  cursor: pointer;
  background-color: rgba(254,244,230,0.8);
  -webkit-backdrop-filter: blur(10px);
  backdrop-filter: blur(10px);
  border-radius: 50%;
  -webkit-transition: all 0.2s ease-in-out;
  transition: all 0.2s ease-in-out;
  will-change: transform;
}

.c5:hover {
  box-shadow: 0px 1rem 2rem rgba(0,0,0,0.2);
  background-color: rgba(254,244,230,1);
}

.c6 {
  position: absolute;
  top: 50%;
  left: 50%;
  -webkit-transform: translate(-50%,-50%);
  -ms-transform: translate(-50%,-50%);
  transform: translate(-50%,-50%);
  width: 5.8rem;
  height: 5.8rem;
}

.c7 {
  position: absolute;
  top: 50%;
  left: 50%;
  -webkit-transform: translate(-50%,-50%);
  -ms-transform: translate(-50%,-50%);
  transform: translate(-50%,-50%);
  margin-left: 0.35rem;
}

.c8 {
  position: absolute;
  display: none;
  top: 50%;
  left: 50%;
  -webkit-transform: translate(-50%,-50%);
  -ms-transform: translate(-50%,-50%);
  transform: translate(-50%,-50%);
  margin-left: 0.35rem;
}

.c3 {
  position: relative;
  margin: 0 auto;
  margin-bottom: 15rem;
  margin: 0 10rem;
  text-align: center;
  border-radius: 0.8rem;
  background: linear-gradient( 180deg, rgba(0,0,0,0.26) 0%, rgba(0,0,0,0.06) 100% );
}

.c4 {
  position: relative;
  z-index: -1;
  display: block;
  height: 100%;
  width: 100%;
  border-radius: 0.8rem;
}

.c0 {
  position: relative;
  z-index: 0;
  width: 100%;
  height: 81.1rem;
  background-color: #FABD20;
  position: relative;
  overflow: visible;
  margin-bottom: 36.3rem;
}

.c1 {
  font-family: 'Rozha One',serif;
  font-size: 8rem;
  padding-top: 6.4rem;
  margin: 0 30rem 4rem 30rem;
  font-style: normal;
  font-weight: normal;
  line-height: 117%;
  text-align: center;
  font-feature-settings: "haln" on;
}

.c2 {
  font-family: 'Reem Kufi',sans-serif;
  font-style: normal;
  font-weight: normal;
  font-size: 2.4rem;
  line-height: 3.6rem;
  text-align: center;
  margin: 4rem 53.5rem 5.6rem 53.5rem;
}

@media (max-width:1440px) {

}

@media (max-width:1200px) {

}

@media (max-width:375px) {

}

@media (max-width:375px) {

}

@media (max-width:375px) {

}

@media (max-width:375px) {

}

@media (max-width:375px) {

}

@media (max-width:375px) {

}

@media (max-width:1200px) {

}

@media (max-width:375px) {

}

@media (max-width:375px) {

}

@media (max-width:375px) {

}

@media (max-width:375px) {

}

@media (max-width:375px) {

}

@media (max-width:375px) {
  .c5 {
    width: 7.8rem;
    height: 7.8rem;
  }
}

@media (max-width:375px) {
  .c6 {
    width: 3.48rem;
    height: 3.48rem;
  }
}

@media (max-width:375px) {
  .c7 {
    display: none;
  }
}

@media (max-width:375px) {
  .c8 {
    display: block;
  }
}

@media (max-width:375px) {
  .c3 {
    margin: 0 auto;
    padding: 0;
    height: 15.7rem;
    width: 100%;
    border-radius: 0.8rem;
  }
}

@media (max-width:375px) {
  .c0 {
    padding: 0 2.4rem;
    margin-bottom: 13.7rem;
    height: 49.7rem;
  }
}

@media (max-width:375px) {
  .c1 {
    font-size: 5rem;
    text-align: left;
    margin: 0;
    margin-bottom: 3.7rem;
  }
}

@media (max-width:375px) {
  .c2 {
    font-size: 2rem;
    text-align: left;
    margin: 0;
    margin-bottom: 7.2rem;
  }
}

@media (max-width:375px) {

}

@media (max-width:375px) {

}

@media (max-width:375px) {

}

@media (max-width:375px) {

}

@media (max-width:375px) {

}

@media (max-width:375px) {

}

@media (max-width:375px) {

}

@media (max-width:375px) {

}

@media (max-width:375px) {

}

@media (max-width:375px) {

}

@media (max-width:375px) {

}

@media (max-width:375px) {

}

@media (max-width:375px) {

}

@media (max-width:375px) {

}

@media (max-width:375px) {

}

@media (max-width:375px) {

}

<div
    className="c0"
  >
    <h1
      className="c1"
    >
      What our community is saying?
    </h1>
    <p
      className="c2"
    >
      A mission-driven company that invest in and builds healthier living
    </p>
    <div
      className="c3"
    >
      <img
        alt="Woman as freelance worker does yoga exersice in jumper."
        className="c4"
        src="/yoga-woman-image.png"
      />
      <div
        className="c5"
      >
        <div
          className="c6"
        >
          <svg
            className="c7"
          >
            playButtonPolygon.svg
          </svg>
        </div>
        <svg
          className="c8"
        >
          playButtonPolygonSmall.svg
        </svg>
      </div>
    </div>
  </div>,
  .c4 {
  display: -webkit-box;
  display: -webkit-flex;
  display: -ms-flexbox;
  display: flex;
  -webkit-flex-direction: column;
  -ms-flex-direction: column;
  flex-direction: column;
  -webkit-box-pack: center;
  -webkit-justify-content: center;
  -ms-flex-pack: center;
  justify-content: center;
  -webkit-align-self: center;
  -ms-flex-item-align: center;
  align-self: center;
  height: 45rem;
  border-radius: 8px;
  background-color: #FFFFFF;
  -webkit-transition: all 0.3s cubic-bezier(0.455,0.03,0.515,0.955);
  transition: all 0.3s cubic-bezier(0.455,0.03,0.515,0.955);
  will-change: transform;
}

.c4:hover {
  box-shadow: 0px 1rem 2rem rgba(0,0,0,0.25);
  -webkit-transform: translateY(1rem);
  -ms-transform: translateY(1rem);
  transform: translateY(1rem);
}

.c5 {
  font-family: 'Rozha One',serif;
  font-size: 2.4rem;
  padding-top: 8.1rem;
  margin-bottom: 1.6rem;
  font-style: normal;
  font-weight: normal;
  line-height: 117%;
  text-align: center;
  font-feature-settings: "haln" on;
  color: #131E07;
}

.c6 {
  font-family: 'Reem Kufi',sans-serif;
  font-style: normal;
  font-weight: normal;
  font-size: 1.8rem;
  line-height: 2.7rem;
  text-align: center;
  margin: 0 7rem;
  margin-bottom: 4.5rem;
}

.c3 {
  display: grid;
  grid-template-columns: 1fr 1fr 1fr;
  grid-gap: 3rem;
  opacity: 1;
}

.c1 {
  font-family: 'Rozha One',serif;
  font-size: 8rem;
  padding-top: 6.4rem;
  margin-bottom: 1.6rem;
  font-style: normal;
  font-weight: normal;
  line-height: 117%;
  text-align: left;
  font-feature-settings: "haln" on;
}

.c2 {
  font-family: 'Reem Kufi',sans-serif;
  font-style: normal;
  font-weight: normal;
  font-size: 2.4rem;
  line-height: 3.6rem;
  text-align: left;
  margin-bottom: 7.2rem;
  width: 59.6rem;
}

.c0 {
  margin: 0 16.5rem 11.4rem 16.5rem;
  will-change: transform;
}

@media (max-width:1440px) {

}

@media (max-width:1200px) {

}

@media (max-width:375px) {

}

@media (max-width:375px) {

}

@media (max-width:375px) {

}

@media (max-width:375px) {

}

@media (max-width:375px) {

}

@media (max-width:375px) {

}

@media (max-width:1200px) {

}

@media (max-width:375px) {

}

@media (max-width:375px) {

}

@media (max-width:375px) {

}

@media (max-width:375px) {

}

@media (max-width:375px) {

}

@media (max-width:375px) {

}

@media (max-width:375px) {

}

@media (max-width:375px) {

}

@media (max-width:375px) {

}

@media (max-width:375px) {

}

@media (max-width:375px) {

}

@media (max-width:375px) {

}

@media (max-width:375px) {

}

@media (max-width:375px) {
  .c6 {
    margin: 0 auto;
    margin-bottom: 4.5rem;
    width: 23rem;
  }
}

@media (max-width:375px) {
  .c3 {
    display: block;
    padding: 0 2.4rem;
    margin-top: 3.6rem;
  }
}

@media (max-width:375px) {
  .c1 {
    font-size: 5rem;
    margin-bottom: 3.6rem;
  }
}

@media (max-width:375px) {
  .c2 {
    font-size: 2rem;
    line-height: 3rem;
  }
}

@media (max-width:375px) {
  .c0 {
    margin: 0 2.4rem 6.4rem 2.4rem;
  }
}

@media (max-width:375px) {

}

@media (max-width:375px) {

}

@media (max-width:375px) {

}

@media (max-width:375px) {

}

@media (max-width:375px) {

}

@media (max-width:375px) {

}

@media (max-width:375px) {

}

@media (max-width:375px) {

}

@media (max-width:375px) {

}

@media (max-width:375px) {

}

@media (max-width:375px) {

}

<div
    className="c0"
  >
    <h1
      className="c1"
    >
      What you’re getting?
    </h1>
    <span
      className="c2"
    >
      We bring you personalized development programs that are backed by research and crafted from the years of experience
    </span>
    <div
      className="c3"
    >
      <div
        className="c4"
        id="benefit-card1"
      >
        <svg
          style={
            Object {
              "margin": "0 auto",
              "marginTop": "4.5rem",
            }
          }
        >
          benefit-1.svg
        </svg>
        <h1
          className="c5"
        >
          1 FREE chat session
        </h1>
        <p
          className="c6"
        >
          Start with a free text based chat session online
        </p>
      </div>
      <div
        className="c4"
        id="benefit-card2"
      >
        <svg
          style={
            Object {
              "margin": "0 auto",
              "marginTop": "4.5rem",
            }
          }
        >
          benefit-2.svg
        </svg>
        <h1
          className="c5"
        >
          Personal Coach
        </h1>
        <p
          className="c6"
        >
          A dedicated coach to help you through your journey
        </p>
      </div>
      <div
        className="c4"
        id="benefit-card3"
      >
        <svg
          style={
            Object {
              "margin": "0 auto",
              "marginTop": "4.5rem",
            }
          }
        >
          benefit-3.svg
        </svg>
        <h1
          className="c5"
        >
          Text chat session
        </h1>
        <p
          className="c6"
        >
          An excellent way of preaparing a projects wireframe
        </p>
      </div>
    </div>
  </div>,
  .c1 {
  display: -webkit-box;
  display: -webkit-flex;
  display: -ms-flexbox;
  display: flex;
  -webkit-flex-direction: row;
  -ms-flex-direction: row;
  flex-direction: row;
  -webkit-box-pack: justify;
  -webkit-justify-content: space-between;
  -ms-flex-pack: justify;
  justify-content: space-between;
  -webkit-align-items: center;
  -webkit-box-align: center;
  -ms-flex-align: center;
  align-items: center;
  position: relative;
  width: 17.3rem;
  height: 4.7rem;
  cursor: pointer;
}

.c3 {
  font-size: 4rem;
  font-style: normal;
  font-weight: normal;
  text-align: center;
  width: 10.2rem;
  line-height: 117%;
  color: white;
}

.c2 {
  position: absolute;
  top: 0.7rem;
  right: 0.3rem;
}

.c9 {
  position: relative;
  display: -webkit-box;
  display: -webkit-flex;
  display: -ms-flexbox;
  display: flex;
  -webkit-flex-direction: row;
  -ms-flex-direction: row;
  flex-direction: row;
  -webkit-box-pack: center;
  -webkit-justify-content: center;
  -ms-flex-pack: center;
  justify-content: center;
  -webkit-align-items: center;
  -webkit-box-align: center;
  -ms-flex-align: center;
  align-items: center;
  padding: 0.7rem 3.1rem;
  font-family: 'Reem Kufi',sans-serif;
  font-size: 1.8rem;
  font-style: normal;
  font-weight: normal;
  line-height: 2.7rem;
  color: #131E07;
  border: none;
  border-radius: 4px;
  background-color: #FABD20;
  cursor: pointer;
  -webkit-transition: all 0.25s ease-in-out;
  transition: all 0.25s ease-in-out;
  overflow: hidden;
  will-change: transform;
}

.c9::after {
  content: "";
  position: absolute;
  z-index: -1;
  bottom: -100%;
  left: 0;
  height: 100%;
  width: 100%;
  border-radius: 4px;
  background-color: black;
  color: #FABD20;
  -webkit-transition: all 0.15s cubic-bezier(0.455,0.03,0.515,0.955);
  transition: all 0.15s cubic-bezier(0.455,0.03,0.515,0.955);
}

.c9:hover {
  box-shadow: 0px 1rem 2rem rgba(0,0,0,0.25);
  color: #FABD20;
}

.c9:hover::after {
  -webkit-transform: translateY(-100%);
  -ms-transform: translateY(-100%);
  transform: translateY(-100%);
}

.c6 > li {
  color: #E5E5E5;
  font-family: 'Reem Kufi',sans-serif;
  font-style: normal;
  font-weight: normal;
  font-size: 1.8rem;
  line-height: 2.7rem;
  list-style-type: none;
}

.c6 > li:first-child {
  color: #7C8176;
  margin-bottom: 1.9rem;
}

.c8 {
  position: relative;
  width: 35rem;
  height: 5rem;
  background-color: transparent;
  font-family: 'Reem Kufi',sans-serif;
  color: #7C8176;
  font-style: normal;
  font-weight: normal;
  font-size: 1.8rem;
  line-height: 2.7rem;
  border: 1px solid #7C8176;
  border-radius: 8px;
  padding: 1.2rem 14rem 1.2rem 1.6rem;
}

.c7 {
  position: relative;
}

.c7 > p {
  font-family: 'Reem Kufi',sans-serif;
  font-style: normal;
  font-weight: normal;
  font-size: 1.8rem;
  line-height: 2.7rem;
  margin-bottom: 1.6rem;
  color: #7C8176;
}

.c10 {
  position: absolute;
  right: 0.8rem;
  bottom: 0.8rem;
  padding: 0.3rem 1.6rem 0.4rem 1.6rem;
  border-radius: 4px;
}

.c4 {
  display: -webkit-box;
  display: -webkit-flex;
  display: -ms-flexbox;
  display: flex;
  -webkit-flex-direction: row;
  -ms-flex-direction: row;
  flex-direction: row;
  -webkit-box-pack: justify;
  -webkit-justify-content: space-between;
  -ms-flex-pack: justify;
  justify-content: space-between;
  -webkit-align-items: flex-start;
  -webkit-box-align: flex-start;
  -ms-flex-align: flex-start;
  align-items: flex-start;
  margin: 5.1rem 0 8rem 0;
}

.c5 {
  display: -webkit-box;
  display: -webkit-flex;
  display: -ms-flexbox;
  display: flex;
  -webkit-flex-direction: row;
  -ms-flex-direction: row;
  flex-direction: row;
  -webkit-box-pack: start;
  -webkit-justify-content: flex-start;
  -ms-flex-pack: start;
  justify-content: flex-start;
}

.c5 ul:nth-child(2) {
  margin-right: 14rem;
}

.c5 ul:first-child {
  margin-right: 5.8rem;
}

.c0 {
  position: relative;
  width: 100%;
  padding: 8.9rem 16.5rem 4.7rem 16.5rem;
  background-color: #131E07;
}

.c11 {
  height: 0.1rem;
  background-color: white;
  width: 100%;
  opacity: 0.2;
}

.c12 {
  position: absolute;
  bottom: 1.6rem;
  right: 16.6rem;
  font-family: 'Reem Kufi',sans-serif;
  color: #E5E5E5;
  opacity: 0.5;
}

@media (max-width:1440px) {

}

@media (max-width:1200px) {

}

@media (max-width:375px) {

}

@media (max-width:375px) {

}

@media (max-width:375px) {

}

@media (max-width:375px) {

}

@media (max-width:375px) {

}

@media (max-width:375px) {

}

@media (max-width:1200px) {

}

@media (max-width:375px) {

}

@media (max-width:375px) {

}

@media (max-width:375px) {

}

@media (max-width:375px) {

}

@media (max-width:375px) {

}

@media (max-width:375px) {

}

@media (max-width:375px) {

}

@media (max-width:375px) {

}

@media (max-width:375px) {

}

@media (max-width:375px) {

}

@media (max-width:375px) {

}

@media (max-width:375px) {

}

@media (max-width:375px) {

}

@media (max-width:375px) {

}

@media (max-width:375px) {

}

@media (max-width:375px) {

}

@media (max-width:375px) {

}

@media (max-width:375px) {

}

@media (max-width:375px) {
  .c6 {
    margin-bottom: 3.1rem;
  }
}

@media (max-width:375px) {
  .c8 {
    width: 100%;
  }
}

@media (max-width:375px) {
  .c10 {
    position: relative;
    width: 100%;
    right: 0;
    bottom: 0;
    font-size: 2rem;
    padding: 1.6rem 8rem 1.6rem 8rem;
    margin: 1.6rem 0 6.3rem 0;
  }
}

@media (max-width:375px) {
  .c4 {
    -webkit-flex-direction: column-reverse;
    -ms-flex-direction: column-reverse;
    flex-direction: column-reverse;
    -webkit-box-pack: start;
    -webkit-justify-content: flex-start;
    -ms-flex-pack: start;
    justify-content: flex-start;
    margin: 5.6rem 0 8rem 0;
  }
}

@media (max-width:375px) {
  .c5 {
    -webkit-flex-direction: column;
    -ms-flex-direction: column;
    flex-direction: column;
    -webkit-box-pack: start;
    -webkit-justify-content: flex-start;
    -ms-flex-pack: start;
    justify-content: flex-start;
  }
}

@media (max-width:375px) {
  .c0 {
    padding: 6.4rem 2.4rem 5.5rem 2.4rem;
  }
}

@media (max-width:375px) {
  .c11 {
    display: none;
  }
}

@media (max-width:375px) {
  .c12 {
    display: none;
  }
}

@media (max-width:375px) {

}

@media (max-width:375px) {

}

@media (max-width:375px) {

}

<div
    className="c0"
  >
    <div
      className="c1"
    >
      <svg
        className="c2"
      >
        ellipse-1.svg
      </svg>
      <svg>
        ellipse-2.svg
      </svg>
      <p
        className="c3"
      >
        Medli
      </p>
    </div>
    <div
      className="c4"
    >
      <div
        className="c5"
      >
        <ul
          className="c6"
        >
          <li>
            Products
          </li>
          <li>
            Updates
          </li>
          <li>
            Security
          </li>
          <li>
            Help
          </li>
        </ul>
        <ul
          className="c6"
        >
          <li>
            Company
          </li>
          <li>
            About
          </li>
          <li>
            Blog
          </li>
          <li>
            Join Us
          </li>
        </ul>
        <ul
          className="c6"
        >
          <li>
            Help
          </li>
          <li>
            Talk to Support
          </li>
          <li>
            Support Docs
          </li>
          <li>
            API Docs
          </li>
          <li>
            System Status
          </li>
        </ul>
      </div>
      <div
        className="c7"
      >
        <p>
          Try Medli for free
        </p>
        <div>
          <input
            className="c8"
            placeholder="Enter your email"
          />
        </div>
        <button
          className="c9 c10"
          fontSize="1.8rem"
        >
          Get started
        </button>
      </div>
    </div>
    <div
      className="c11"
    />
    <p
      className="c12"
    >
      Therms & Conditions
    </p>
  </div>,
]
`;
