// Jest Snapshot v1, https://goo.gl/fbAQLP

exports[`check render correctly <Header /> component 1`] = `
.c1 {
  display: -webkit-box;
  display: -webkit-flex;
  display: -ms-flexbox;
  display: flex;
  -webkit-flex-direction: row;
  -ms-flex-direction: row;
  flex-direction: row;
  -webkit-box-pack: justify;
  -webkit-justify-content: space-between;
  -ms-flex-pack: justify;
  justify-content: space-between;
  -webkit-align-items: center;
  -webkit-box-align: center;
  -ms-flex-align: center;
  align-items: center;
  position: relative;
  width: 17.3rem;
  height: 4.7rem;
  cursor: pointer;
}

.c3 {
  font-size: 4rem;
  font-style: normal;
  font-weight: normal;
  text-align: center;
  width: 10.2rem;
  line-height: 117%;
  color: #131E07;
}

.c2 {
  position: absolute;
  top: 0.7rem;
  right: 0.3rem;
}

.c5 {
  margin: 0.7rem 0;
}

.c6 {
  position: relative;
  font-family: 'Reem Kufi',sans-serif;
  font-style: normal;
  font-weight: normal;
  font-size: 2.4rem;
  line-height: 3.6rem;
  -webkit-text-decoration: none;
  text-decoration: none;
  color: #131E07;
}

.c6:focus > svg {
  display: block;
}

.c7 {
  display: none;
  position: absolute;
  bottom: -0.8rem;
  left: 50%;
  -webkit-transform: translateX(-50%);
  -ms-transform: translateX(-50%);
  transform: translateX(-50%);
}

.c8 {
  position: relative;
  display: -webkit-box;
  display: -webkit-flex;
  display: -ms-flexbox;
  display: flex;
  -webkit-flex-direction: row;
  -ms-flex-direction: row;
  flex-direction: row;
  -webkit-box-pack: center;
  -webkit-justify-content: center;
  -ms-flex-pack: center;
  justify-content: center;
  -webkit-align-items: center;
  -webkit-box-align: center;
  -ms-flex-align: center;
  align-items: center;
  padding: 0.7rem 3.1rem;
  font-family: 'Reem Kufi',sans-serif;
  font-size: 2.4rem;
  font-style: normal;
  font-weight: normal;
  line-height: 3.6rem;
  color: #131E07;
  border: none;
  border-radius: 8px;
  background-color: #FABD20;
  cursor: pointer;
  -webkit-transition: all 0.25s ease-in-out;
  transition: all 0.25s ease-in-out;
  overflow: hidden;
  will-change: transform;
}

.c8::after {
  content: "";
  position: absolute;
  z-index: -1;
  bottom: -100%;
  left: 0;
  height: 100%;
  width: 100%;
  border-radius: 8px;
  background-color: black;
  color: #FABD20;
  -webkit-transition: all 0.15s cubic-bezier(0.455,0.03,0.515,0.955);
  transition: all 0.15s cubic-bezier(0.455,0.03,0.515,0.955);
}

.c8:hover {
  box-shadow: 0px 1rem 2rem rgba(0,0,0,0.25);
  color: #FABD20;
}

.c8:hover::after {
  -webkit-transform: translateY(-100%);
  -ms-transform: translateY(-100%);
  transform: translateY(-100%);
}

.c4 {
  display: -webkit-box;
  display: -webkit-flex;
  display: -ms-flexbox;
  display: flex;
  -webkit-flex-direction: row;
  -ms-flex-direction: row;
  flex-direction: row;
  -webkit-box-pack: justify;
  -webkit-justify-content: space-between;
  -ms-flex-pack: justify;
  justify-content: space-between;
  -webkit-align-items: center;
  -webkit-box-align: center;
  -ms-flex-align: center;
  align-items: center;
  width: 64.4rem;
}

.c0 {
  position: fixed;
  top: 0;
  left: 50%;
  z-index: 9999;
  max-width: 145rem;
  width: 100%;
  display: -webkit-box;
  display: -webkit-flex;
  display: -ms-flexbox;
  display: flex;
  -webkit-flex-direction: row;
  -ms-flex-direction: row;
  flex-direction: row;
  -webkit-box-pack: justify;
  -webkit-justify-content: space-between;
  -ms-flex-pack: justify;
  justify-content: space-between;
  -webkit-align-items: center;
  -webkit-box-align: center;
  -ms-flex-align: center;
  align-items: center;
  margin: 0 auto;
  padding: 2.7rem 16.7rem;
  -webkit-transform: translateX(-50%);
  -ms-transform: translateX(-50%);
  transform: translateX(-50%);
  background-color: #FEF4E6;
}

.c9 {
  display: none;
  width: 3rem;
  height: 1.7rem;
  cursor: pointer;
}

@media (max-width:1110px) {
  .c4 {
    display: none;
  }
}

@media (max-width:1280px) {
  .c0 {
    padding: 2.7rem 6rem;
  }
}

@media (max-width:375px) {
  .c0 {
    position: relative;
    padding: 2.7rem 2.4rem;
  }
}

@media (max-width:1110px) {
  .c9 {
    display: block;
    position: absolute;
    top: 50%;
    right: 2.4rem;
    -webkit-transform: translateY(-50%);
    -ms-transform: translateY(-50%);
    transform: translateY(-50%);
  }
}

<header
  className="c0"
>
  <div
    className="c1"
  >
    <svg
      className="c2"
    >
      ellipse-1.svg
    </svg>
    <svg>
      ellipse-2.svg
    </svg>
    <p
      className="c3"
    >
      Medli
    </p>
  </div>
  <div
    className="c4"
  >
    <div
      className="c5"
    >
      <a
        className="c6"
        href="#"
      >
        Home
        <svg
          className="c7"
        >
          ellipse-4.svg
        </svg>
      </a>
    </div>
    <div
      className="c5"
    >
      <a
        className="c6"
        href="#"
      >
        About
        <svg
          className="c7"
        >
          ellipse-4.svg
        </svg>
      </a>
    </div>
    <div
      className="c5"
    >
      <a
        className="c6"
        href="#"
      >
        Courses
        <svg
          className="c7"
        >
          ellipse-4.svg
        </svg>
      </a>
    </div>
    <div
      className="c5"
    >
      <a
        className="c6"
        href="#"
      >
        News
        <svg
          className="c7"
        >
          ellipse-4.svg
        </svg>
      </a>
    </div>
    <div
      className="c5"
    >
      <a
        className="c6"
        href="#"
      >
        Contact
        <svg
          className="c7"
        >
          ellipse-4.svg
        </svg>
      </a>
    </div>
    <button
      className="c8"
      fontSize="2.4rem"
    >
      Log in
    </button>
  </div>
  <svg
    className="c9"
    onClick={[Function]}
  >
    menu-bar-black.svg
  </svg>
</header>
`;
