// Jest Snapshot v1, https://goo.gl/fbAQLP

exports[`check render correctly <FooterList /> component 1`] = `
.c0 {
  margin-bottom: 3.1rem;
}

.c0 > li {
  font-family: 'Reem Kufi',sans-serif;
  font-style: normal;
  font-weight: normal;
  font-size: 1.8rem;
  line-height: 2.7rem;
  list-style-type: none;
}

.c0 > li a {
  color: #E5E5E5;
  -webkit-text-decoration: none;
  text-decoration: none;
  font-size: 1.8rem;
  line-height: 2.7rem;
}

.c0 > li:first-child {
  text-transform: uppercase;
  color: #7C8176;
  margin-bottom: 1.9rem;
}

@media (max-width:375px) {
  .c0 {
    margin-bottom: 3.1rem;
  }
}

<ul
  className="c0"
>
  <li>
    Company
  </li>
  <li>
    <a
      href="#"
    >
      About
    </a>
  </li>
  <li>
    <a
      href="#"
    >
      Blog
    </a>
  </li>
  <li>
    <a
      href="#"
    >
      Join Us
    </a>
  </li>
</ul>
`;
