// Jest Snapshot v1, https://goo.gl/fbAQLP

exports[`check render correctly <LandingHeroContainer /> component 1`] = `
.c5 {
  position: relative;
  display: -webkit-box;
  display: -webkit-flex;
  display: -ms-flexbox;
  display: flex;
  -webkit-flex-direction: row;
  -ms-flex-direction: row;
  flex-direction: row;
  -webkit-box-pack: center;
  -webkit-justify-content: center;
  -ms-flex-pack: center;
  justify-content: center;
  -webkit-align-items: center;
  -webkit-box-align: center;
  -ms-flex-align: center;
  align-items: center;
  padding: 0.7rem 3.1rem;
  font-family: 'Reem Kufi',sans-serif;
  font-size: 2.5rem;
  font-style: normal;
  font-weight: normal;
  line-height: 3.7rem;
  color: #131E07;
  border: none;
  border-radius: 8px;
  background-color: #FABD20;
  cursor: pointer;
  -webkit-transition: all 0.25s ease-in-out;
  transition: all 0.25s ease-in-out;
  overflow: hidden;
  will-change: transform;
}

.c5::after {
  content: "";
  position: absolute;
  z-index: -1;
  bottom: -100%;
  left: 0;
  height: 100%;
  width: 100%;
  border-radius: 8px;
  background-color: black;
  color: #FABD20;
  -webkit-transition: all 0.15s cubic-bezier(0.455,0.03,0.515,0.955);
  transition: all 0.15s cubic-bezier(0.455,0.03,0.515,0.955);
}

.c5:hover {
  box-shadow: 0px 1rem 2rem rgba(0,0,0,0.25);
  color: #FABD20;
}

.c5:hover::after {
  -webkit-transform: translateY(-100%);
  -ms-transform: translateY(-100%);
  transform: translateY(-100%);
}

.c0 {
  display: -webkit-box;
  display: -webkit-flex;
  display: -ms-flexbox;
  display: flex;
  -webkit-flex-direction: row;
  -ms-flex-direction: row;
  flex-direction: row;
  -webkit-box-pack: justify;
  -webkit-justify-content: space-between;
  -ms-flex-pack: justify;
  justify-content: space-between;
  margin-top: 27.1rem;
  padding: 0 16.7rem;
  position: relative;
  width: 100%;
}

.c2 {
  font-size: 8rem;
  margin-left: 0.2rem;
  line-height: 117%;
  font-style: normal;
  font-weight: normal;
}

.c4 {
  font-size: 2.4rem;
  line-height: 3.6rem;
  font-style: normal;
  font-weight: normal;
  font-family: 'Reem Kufi',sans-serif;
  color: #40462F;
  margin-bottom: 3.6rem;
  margin-top: 1.6rem;
  margin-left: 0.2rem;
}

.c6 {
  padding: 1.6rem 1rem;
  width: 25.5rem;
  margin-bottom: 1.6rem;
}

.c7 {
  display: -webkit-box;
  display: -webkit-flex;
  display: -ms-flexbox;
  display: flex;
  -webkit-flex-direction: column;
  -ms-flex-direction: column;
  flex-direction: column;
  -webkit-box-pack: center;
  -webkit-justify-content: center;
  -ms-flex-pack: center;
  justify-content: center;
  width: 100%;
  height: 100%;
  -webkit-align-self: flex-end;
  -ms-flex-item-align: end;
  align-self: flex-end;
  margin-top: 4.9rem;
}

.c8 {
  -webkit-align-self: flex-end;
  -ms-flex-item-align: end;
  align-self: flex-end;
  width: 67.7rem;
}

.c1 {
  display: -webkit-box;
  display: -webkit-flex;
  display: -ms-flexbox;
  display: flex;
  -webkit-flex-direction: column;
  -ms-flex-direction: column;
  flex-direction: column;
  -webkit-box-pack: start;
  -webkit-justify-content: flex-start;
  -ms-flex-pack: start;
  justify-content: flex-start;
}

@media (max-width:1440px) {
  .c0 {
    -webkit-flex-direction: row;
    -ms-flex-direction: row;
    flex-direction: row;
    padding: 0 16.7rem;
  }
}

@media (max-width:1280px) {
  .c0 {
    margin-top: 15rem;
    padding: 0 6rem;
  }
}

@media (max-width:1110px) {
  .c0 {
    -webkit-flex-direction: column-reverse;
    -ms-flex-direction: column-reverse;
    flex-direction: column-reverse;
    padding: 0 2.4rem;
    margin-top: 12rem;
  }
}

@media (max-width:768px) {
  .c0 {
    padding: 0 2.4rem;
    margin-top: 12rem;
  }
}

@media (max-width:375px) {
  .c0 {
    -webkit-flex-direction: column-reverse;
    -ms-flex-direction: column-reverse;
    flex-direction: column-reverse;
    margin-top: 0;
    padding: 0 2.4rem;
  }
}

@media (max-width:1440px) {
  .c2 {
    font-size: 8rem;
  }
}

@media (max-width:1110px) {
  .c2 {
    width: 100%;
    font-size: 7rem;
  }
}

@media (max-width:768px) {
  .c2 {
    font-size: 5rem;
    width: 100%;
  }
}

@media (max-width:375px) {
  .c2 {
    font-size: 5rem;
    width: 100%;
  }
}

@media (max-width:1280px) {
  .c4 {
    font-size: 2.2rem;
    width: 100%;
  }
}

@media (max-width:1110px) {
  .c4 {
    width: 100%;
    font-size: 3rem;
  }
}

@media (max-width:375px) {
  .c4 {
    text-align: left;
    font-size: 2rem;
    line-height: 3rem;
    width: 100%;
  }
}

@media (max-width:1110px) {
  .c6 {
    width: 100%;
  }
}

@media (max-width:375px) {
  .c6 {
    width: 100%;
  }
}

@media (max-width:1440px) {
  .c7 {
    -webkit-align-self: center;
    -ms-flex-item-align: center;
    align-self: center;
  }
}

@media (max-width:1110px) {

}

@media (max-width:375px) {
  .c7 {
    width: auto;
    margin-top: 2.4rem;
  }
}

@media (max-width:1280px) {
  .c8 {
    width: 55rem;
  }
}

@media (max-width:1110px) {
  .c8 {
    width: 90%;
    -webkit-align-self: center;
    -ms-flex-item-align: center;
    align-self: center;
    margin-bottom: 0;
  }
}

@media (max-width:375px) {
  .c8 {
    min-width: auto;
    margin-bottom: 0;
  }
}

@media (max-width:1280px) {
  .c1 {
    -webkit-flex-direction: column;
    -ms-flex-direction: column;
    flex-direction: column;
    margin-top: 4.2rem;
  }
}

@media (max-width:375px) {
  .c1 {
    margin-top: 4.2rem;
    -webkit-flex-direction: column;
    -ms-flex-direction: column;
    flex-direction: column;
  }
}

@media (max-width:375px) {
  .c3 {
    width: 2.7rem;
    height: 2rem;
  }
}

<div
  className="c0"
>
  <div
    className="c1"
  >
    <h1
      className="c2"
    >
      Check y
      <svg
        className="c3"
      >
        ellipse-3.svg
      </svg>
      ur well-being
    </h1>
    <p
      className="c4"
    >
      We’re sure that deciding to check on your health is a big step, even if it doesn’t bother in any way.
    </p>
    <button
      className="c5 c6"
      fontSize="2.5rem"
    >
      Get started
    </button>
  </div>
  <div
    className="c7"
  >
    <svg
      className="c8"
    >
      hero-img.svg
    </svg>
  </div>
</div>
`;
